// Jest Snapshot v1, https://goo.gl/fbAQLP

exports[`should collect data 1`] = `
Object {
  "collectedEntities": Array [
    Object {
      "_class": Array [
        "Account",
      ],
      "_key": "jira_account_https://kei-institute.atlassian.net",
      "_type": "jira_account",
      "baseUrl": "https://kei-institute.atlassian.net",
      "buildDate": 1623294810000,
      "buildNumber": 100166,
      "displayName": "Jira",
      "name": "Jira",
      "scmInfo": "25236ce79962be8318e1a6a5f3f69e67dc4acd1f",
      "serverTitle": "Jira",
      "version": "1001.0.0-SNAPSHOT",
      "webLink": "https://kei-institute.atlassian.net",
    },
    Object {
      "_class": Array [
        "Project",
      ],
      "_key": "jira_project_10000",
      "_rawData": Array [
        Object {
          "name": "default",
          "rawData": Object {
            "avatarUrls": Object {
              "16x16": "https://kei-institute.atlassian.net/secure/projectavatar?size=xsmall&s=xsmall&pid=10000&avatarId=10406",
              "24x24": "https://kei-institute.atlassian.net/secure/projectavatar?size=small&s=small&pid=10000&avatarId=10406",
              "32x32": "https://kei-institute.atlassian.net/secure/projectavatar?size=medium&s=medium&pid=10000&avatarId=10406",
              "48x48": "https://kei-institute.atlassian.net/secure/projectavatar?pid=10000&avatarId=10406",
            },
            "entityId": "323560da-9735-4228-917f-83ccc3538a69",
            "expand": "description,lead,issueTypes,url,projectKeys,permissions,insight",
            "id": "10000",
            "isPrivate": false,
            "key": "TPN",
            "name": "Test Project Ninja",
            "projectTypeKey": "software",
            "properties": Object {},
            "self": "https://kei-institute.atlassian.net/rest/api/3/project/10000",
            "simplified": true,
            "style": "next-gen",
            "uuid": "323560da-9735-4228-917f-83ccc3538a69",
          },
        },
      ],
      "_type": "jira_project",
      "displayName": "Test Project Ninja",
      "id": "10000",
      "isPrivate": false,
      "key": "TPN",
      "name": "Test Project Ninja",
      "projectTypeKey": "software",
      "self": "https://kei-institute.atlassian.net/rest/api/3/project/10000",
      "simplified": true,
      "style": "next-gen",
      "webLink": "https://kei-institute.atlassian.net/browse/TPN",
    },
    Object {
      "_class": Array [
        "User",
      ],
      "_key": "jira_user_5d53f3cbc6b9320d9ea5bdc2",
      "_rawData": Array [
        Object {
          "name": "default",
          "rawData": Object {
            "accountId": "5d53f3cbc6b9320d9ea5bdc2",
            "accountType": "app",
            "active": true,
            "avatarUrls": Object {
              "16x16": "https://secure.gravatar.com/avatar/40cff14f727dbf6d865576d575c6bdd2?d=https%3A%2F%2Favatar-management--avatars.us-west-2.prod.public.atl-paas.net%2Finitials%2FJO-4.png",
              "24x24": "https://secure.gravatar.com/avatar/40cff14f727dbf6d865576d575c6bdd2?d=https%3A%2F%2Favatar-management--avatars.us-west-2.prod.public.atl-paas.net%2Finitials%2FJO-4.png",
              "32x32": "https://secure.gravatar.com/avatar/40cff14f727dbf6d865576d575c6bdd2?d=https%3A%2F%2Favatar-management--avatars.us-west-2.prod.public.atl-paas.net%2Finitials%2FJO-4.png",
              "48x48": "https://secure.gravatar.com/avatar/40cff14f727dbf6d865576d575c6bdd2?d=https%3A%2F%2Favatar-management--avatars.us-west-2.prod.public.atl-paas.net%2Finitials%2FJO-4.png",
            },
            "displayName": "Jira Outlook",
            "self": "https://kei-institute.atlassian.net/rest/api/3/user?accountId=5d53f3cbc6b9320d9ea5bdc2",
          },
        },
      ],
      "_type": "jira_user",
      "accountType": "app",
      "active": true,
      "displayName": "Jira Outlook",
      "email": "donotemail@example.com",
      "id": "5d53f3cbc6b9320d9ea5bdc2",
      "name": "Jira Outlook",
      "self": "https://kei-institute.atlassian.net/rest/api/3/user?accountId=5d53f3cbc6b9320d9ea5bdc2",
      "timeZone": undefined,
      "username": "Jira Outlook",
      "webLink": "https://kei-institute.atlassian.net/jira/people/5d53f3cbc6b9320d9ea5bdc2",
    },
    Object {
      "_class": Array [
        "User",
      ],
      "_key": "jira_user_5cf112d31552030f1e3a5905",
      "_rawData": Array [
        Object {
          "name": "default",
          "rawData": Object {
            "accountId": "5cf112d31552030f1e3a5905",
            "accountType": "app",
            "active": true,
            "avatarUrls": Object {
              "16x16": "https://secure.gravatar.com/avatar/92dbb0e2c4bdf7a4e079ce410ddb6029?d=https%3A%2F%2Favatar-management--avatars.us-west-2.prod.public.atl-paas.net%2Finitials%2FJS-2.png",
              "24x24": "https://secure.gravatar.com/avatar/92dbb0e2c4bdf7a4e079ce410ddb6029?d=https%3A%2F%2Favatar-management--avatars.us-west-2.prod.public.atl-paas.net%2Finitials%2FJS-2.png",
              "32x32": "https://secure.gravatar.com/avatar/92dbb0e2c4bdf7a4e079ce410ddb6029?d=https%3A%2F%2Favatar-management--avatars.us-west-2.prod.public.atl-paas.net%2Finitials%2FJS-2.png",
              "48x48": "https://secure.gravatar.com/avatar/92dbb0e2c4bdf7a4e079ce410ddb6029?d=https%3A%2F%2Favatar-management--avatars.us-west-2.prod.public.atl-paas.net%2Finitials%2FJS-2.png",
            },
            "displayName": "Jira Spreadsheets",
            "self": "https://kei-institute.atlassian.net/rest/api/3/user?accountId=5cf112d31552030f1e3a5905",
          },
        },
      ],
      "_type": "jira_user",
      "accountType": "app",
      "active": true,
      "displayName": "Jira Spreadsheets",
      "email": "donotemail@example.com",
      "id": "5cf112d31552030f1e3a5905",
      "name": "Jira Spreadsheets",
      "self": "https://kei-institute.atlassian.net/rest/api/3/user?accountId=5cf112d31552030f1e3a5905",
      "timeZone": undefined,
      "username": "Jira Spreadsheets",
      "webLink": "https://kei-institute.atlassian.net/jira/people/5cf112d31552030f1e3a5905",
    },
    Object {
      "_class": Array [
        "User",
      ],
      "_key": "jira_user_557058:950f9f5b-3d6d-4e1d-954a-21367ae9ac75",
      "_rawData": Array [
        Object {
          "name": "default",
          "rawData": Object {
            "accountId": "557058:950f9f5b-3d6d-4e1d-954a-21367ae9ac75",
            "accountType": "app",
            "active": true,
            "avatarUrls": Object {
              "16x16": "https://secure.gravatar.com/avatar/726e9dfb98dfab7231aca0392486818d?d=https%3A%2F%2Favatar-management--avatars.us-west-2.prod.public.atl-paas.net%2Finitials%2FJW-2.png",
              "24x24": "https://secure.gravatar.com/avatar/726e9dfb98dfab7231aca0392486818d?d=https%3A%2F%2Favatar-management--avatars.us-west-2.prod.public.atl-paas.net%2Finitials%2FJW-2.png",
              "32x32": "https://secure.gravatar.com/avatar/726e9dfb98dfab7231aca0392486818d?d=https%3A%2F%2Favatar-management--avatars.us-west-2.prod.public.atl-paas.net%2Finitials%2FJW-2.png",
              "48x48": "https://secure.gravatar.com/avatar/726e9dfb98dfab7231aca0392486818d?d=https%3A%2F%2Favatar-management--avatars.us-west-2.prod.public.atl-paas.net%2Finitials%2FJW-2.png",
            },
            "displayName": "Jira Service Management Widget",
            "self": "https://kei-institute.atlassian.net/rest/api/3/user?accountId=557058:950f9f5b-3d6d-4e1d-954a-21367ae9ac75",
          },
        },
      ],
      "_type": "jira_user",
      "accountType": "app",
      "active": true,
      "displayName": "Jira Service Management Widget",
      "email": "donotemail@example.com",
      "id": "557058:950f9f5b-3d6d-4e1d-954a-21367ae9ac75",
      "name": "Jira Service Management Widget",
      "self": "https://kei-institute.atlassian.net/rest/api/3/user?accountId=557058:950f9f5b-3d6d-4e1d-954a-21367ae9ac75",
      "timeZone": undefined,
      "username": "Jira Service Management Widget",
      "webLink": "https://kei-institute.atlassian.net/jira/people/557058:950f9f5b-3d6d-4e1d-954a-21367ae9ac75",
    },
    Object {
      "_class": Array [
        "User",
      ],
      "_key": "jira_user_557058:f58131cb-b67d-43c7-b30d-6b58d40bd077",
      "_rawData": Array [
        Object {
          "name": "default",
          "rawData": Object {
            "accountId": "557058:f58131cb-b67d-43c7-b30d-6b58d40bd077",
            "accountType": "app",
            "active": true,
            "avatarUrls": Object {
              "16x16": "https://secure.gravatar.com/avatar/600529a9c8bfef89daa848e6db28ed2d?d=https%3A%2F%2Favatar-management--avatars.us-west-2.prod.public.atl-paas.net%2Finitials%2FAJ-0.png",
              "24x24": "https://secure.gravatar.com/avatar/600529a9c8bfef89daa848e6db28ed2d?d=https%3A%2F%2Favatar-management--avatars.us-west-2.prod.public.atl-paas.net%2Finitials%2FAJ-0.png",
              "32x32": "https://secure.gravatar.com/avatar/600529a9c8bfef89daa848e6db28ed2d?d=https%3A%2F%2Favatar-management--avatars.us-west-2.prod.public.atl-paas.net%2Finitials%2FAJ-0.png",
              "48x48": "https://secure.gravatar.com/avatar/600529a9c8bfef89daa848e6db28ed2d?d=https%3A%2F%2Favatar-management--avatars.us-west-2.prod.public.atl-paas.net%2Finitials%2FAJ-0.png",
            },
            "displayName": "Automation for Jira",
            "self": "https://kei-institute.atlassian.net/rest/api/3/user?accountId=557058:f58131cb-b67d-43c7-b30d-6b58d40bd077",
          },
        },
      ],
      "_type": "jira_user",
      "accountType": "app",
      "active": true,
      "displayName": "Automation for Jira",
      "email": "donotemail@example.com",
      "id": "557058:f58131cb-b67d-43c7-b30d-6b58d40bd077",
      "name": "Automation for Jira",
      "self": "https://kei-institute.atlassian.net/rest/api/3/user?accountId=557058:f58131cb-b67d-43c7-b30d-6b58d40bd077",
      "timeZone": undefined,
      "username": "Automation for Jira",
      "webLink": "https://kei-institute.atlassian.net/jira/people/557058:f58131cb-b67d-43c7-b30d-6b58d40bd077",
    },
    Object {
      "_class": Array [
        "User",
      ],
      "_key": "jira_user_5cb4ae0e4b97ab11a18e00c7",
      "_rawData": Array [
        Object {
          "name": "default",
          "rawData": Object {
            "accountId": "5cb4ae0e4b97ab11a18e00c7",
            "accountType": "app",
            "active": true,
            "avatarUrls": Object {
              "16x16": "https://secure.gravatar.com/avatar/13af44d2c4f3a62cf1ad368a4028db51?d=https%3A%2F%2Favatar-management--avatars.us-west-2.prod.public.atl-paas.net%2Finitials%2FH-6.png",
              "24x24": "https://secure.gravatar.com/avatar/13af44d2c4f3a62cf1ad368a4028db51?d=https%3A%2F%2Favatar-management--avatars.us-west-2.prod.public.atl-paas.net%2Finitials%2FH-6.png",
              "32x32": "https://secure.gravatar.com/avatar/13af44d2c4f3a62cf1ad368a4028db51?d=https%3A%2F%2Favatar-management--avatars.us-west-2.prod.public.atl-paas.net%2Finitials%2FH-6.png",
              "48x48": "https://secure.gravatar.com/avatar/13af44d2c4f3a62cf1ad368a4028db51?d=https%3A%2F%2Favatar-management--avatars.us-west-2.prod.public.atl-paas.net%2Finitials%2FH-6.png",
            },
            "displayName": "Halp",
            "self": "https://kei-institute.atlassian.net/rest/api/3/user?accountId=5cb4ae0e4b97ab11a18e00c7",
          },
        },
      ],
      "_type": "jira_user",
      "accountType": "app",
      "active": true,
      "displayName": "Halp",
      "email": "donotemail@example.com",
      "id": "5cb4ae0e4b97ab11a18e00c7",
      "name": "Halp",
      "self": "https://kei-institute.atlassian.net/rest/api/3/user?accountId=5cb4ae0e4b97ab11a18e00c7",
      "timeZone": undefined,
      "username": "Halp",
      "webLink": "https://kei-institute.atlassian.net/jira/people/5cb4ae0e4b97ab11a18e00c7",
    },
    Object {
      "_class": Array [
        "User",
      ],
      "_key": "jira_user_557058:0867a421-a9ee-4659-801a-bc0ee4a4487e",
      "_rawData": Array [
        Object {
          "name": "default",
          "rawData": Object {
            "accountId": "557058:0867a421-a9ee-4659-801a-bc0ee4a4487e",
            "accountType": "app",
            "active": true,
            "avatarUrls": Object {
              "16x16": "https://secure.gravatar.com/avatar/ab3787cd0c16633ae050dff9d5ab15fc?d=https%3A%2F%2Favatar-management--avatars.us-west-2.prod.public.atl-paas.net%2Finitials%2FS-0.png",
              "24x24": "https://secure.gravatar.com/avatar/ab3787cd0c16633ae050dff9d5ab15fc?d=https%3A%2F%2Favatar-management--avatars.us-west-2.prod.public.atl-paas.net%2Finitials%2FS-0.png",
              "32x32": "https://secure.gravatar.com/avatar/ab3787cd0c16633ae050dff9d5ab15fc?d=https%3A%2F%2Favatar-management--avatars.us-west-2.prod.public.atl-paas.net%2Finitials%2FS-0.png",
              "48x48": "https://secure.gravatar.com/avatar/ab3787cd0c16633ae050dff9d5ab15fc?d=https%3A%2F%2Favatar-management--avatars.us-west-2.prod.public.atl-paas.net%2Finitials%2FS-0.png",
            },
            "displayName": "Slack",
            "self": "https://kei-institute.atlassian.net/rest/api/3/user?accountId=557058:0867a421-a9ee-4659-801a-bc0ee4a4487e",
          },
        },
      ],
      "_type": "jira_user",
      "accountType": "app",
      "active": true,
      "displayName": "Slack",
      "email": "donotemail@example.com",
      "id": "557058:0867a421-a9ee-4659-801a-bc0ee4a4487e",
      "name": "Slack",
      "self": "https://kei-institute.atlassian.net/rest/api/3/user?accountId=557058:0867a421-a9ee-4659-801a-bc0ee4a4487e",
      "timeZone": undefined,
      "username": "Slack",
      "webLink": "https://kei-institute.atlassian.net/jira/people/557058:0867a421-a9ee-4659-801a-bc0ee4a4487e",
    },
    Object {
      "_class": Array [
        "User",
      ],
      "_key": "jira_user_557058:214cdd6a-ff93-4d8b-838b-62dfcf1a2a71",
      "_rawData": Array [
        Object {
          "name": "default",
          "rawData": Object {
            "accountId": "557058:214cdd6a-ff93-4d8b-838b-62dfcf1a2a71",
            "accountType": "app",
            "active": true,
            "avatarUrls": Object {
              "16x16": "https://secure.gravatar.com/avatar/5f14d72ea4c4ebb05e46175191444f71?d=https%3A%2F%2Favatar-management--avatars.us-west-2.prod.public.atl-paas.net%2Finitials%2FT-2.png",
              "24x24": "https://secure.gravatar.com/avatar/5f14d72ea4c4ebb05e46175191444f71?d=https%3A%2F%2Favatar-management--avatars.us-west-2.prod.public.atl-paas.net%2Finitials%2FT-2.png",
              "32x32": "https://secure.gravatar.com/avatar/5f14d72ea4c4ebb05e46175191444f71?d=https%3A%2F%2Favatar-management--avatars.us-west-2.prod.public.atl-paas.net%2Finitials%2FT-2.png",
              "48x48": "https://secure.gravatar.com/avatar/5f14d72ea4c4ebb05e46175191444f71?d=https%3A%2F%2Favatar-management--avatars.us-west-2.prod.public.atl-paas.net%2Finitials%2FT-2.png",
            },
            "displayName": "Trello",
            "self": "https://kei-institute.atlassian.net/rest/api/3/user?accountId=557058:214cdd6a-ff93-4d8b-838b-62dfcf1a2a71",
          },
        },
      ],
      "_type": "jira_user",
      "accountType": "app",
      "active": true,
      "displayName": "Trello",
      "email": "donotemail@example.com",
      "id": "557058:214cdd6a-ff93-4d8b-838b-62dfcf1a2a71",
      "name": "Trello",
      "self": "https://kei-institute.atlassian.net/rest/api/3/user?accountId=557058:214cdd6a-ff93-4d8b-838b-62dfcf1a2a71",
      "timeZone": undefined,
      "username": "Trello",
      "webLink": "https://kei-institute.atlassian.net/jira/people/557058:214cdd6a-ff93-4d8b-838b-62dfcf1a2a71",
    },
    Object {
      "_class": Array [
        "User",
      ],
      "_key": "jira_user_5dd64082af96bc0efbe55103",
      "_rawData": Array [
        Object {
          "name": "default",
          "rawData": Object {
            "accountId": "5dd64082af96bc0efbe55103",
            "accountType": "app",
            "active": true,
            "avatarUrls": Object {
              "16x16": "https://secure.gravatar.com/avatar/675673c3f473815508441d00933b1752?d=https%3A%2F%2Favatar-management--avatars.us-west-2.prod.public.atl-paas.net%2Finitials%2FOI-3.png",
              "24x24": "https://secure.gravatar.com/avatar/675673c3f473815508441d00933b1752?d=https%3A%2F%2Favatar-management--avatars.us-west-2.prod.public.atl-paas.net%2Finitials%2FOI-3.png",
              "32x32": "https://secure.gravatar.com/avatar/675673c3f473815508441d00933b1752?d=https%3A%2F%2Favatar-management--avatars.us-west-2.prod.public.atl-paas.net%2Finitials%2FOI-3.png",
              "48x48": "https://secure.gravatar.com/avatar/675673c3f473815508441d00933b1752?d=https%3A%2F%2Favatar-management--avatars.us-west-2.prod.public.atl-paas.net%2Finitials%2FOI-3.png",
            },
            "displayName": "Opsgenie Integration",
            "self": "https://kei-institute.atlassian.net/rest/api/3/user?accountId=5dd64082af96bc0efbe55103",
          },
        },
      ],
      "_type": "jira_user",
      "accountType": "app",
      "active": true,
      "displayName": "Opsgenie Integration",
      "email": "donotemail@example.com",
      "id": "5dd64082af96bc0efbe55103",
      "name": "Opsgenie Integration",
      "self": "https://kei-institute.atlassian.net/rest/api/3/user?accountId=5dd64082af96bc0efbe55103",
      "timeZone": undefined,
      "username": "Opsgenie Integration",
      "webLink": "https://kei-institute.atlassian.net/jira/people/5dd64082af96bc0efbe55103",
    },
    Object {
      "_class": Array [
        "User",
      ],
      "_key": "jira_user_5b6c7b3afbc68529c6c47967",
      "_rawData": Array [
        Object {
          "name": "default",
          "rawData": Object {
            "accountId": "5b6c7b3afbc68529c6c47967",
            "accountType": "app",
            "active": true,
            "avatarUrls": Object {
              "16x16": "https://secure.gravatar.com/avatar/1ac15886f45477da1a8230e3c52df31e?d=https%3A%2F%2Favatar-management--avatars.us-west-2.prod.public.atl-paas.net%2Finitials%2FSJ-2.png",
              "24x24": "https://secure.gravatar.com/avatar/1ac15886f45477da1a8230e3c52df31e?d=https%3A%2F%2Favatar-management--avatars.us-west-2.prod.public.atl-paas.net%2Finitials%2FSJ-2.png",
              "32x32": "https://secure.gravatar.com/avatar/1ac15886f45477da1a8230e3c52df31e?d=https%3A%2F%2Favatar-management--avatars.us-west-2.prod.public.atl-paas.net%2Finitials%2FSJ-2.png",
              "48x48": "https://secure.gravatar.com/avatar/1ac15886f45477da1a8230e3c52df31e?d=https%3A%2F%2Favatar-management--avatars.us-west-2.prod.public.atl-paas.net%2Finitials%2FSJ-2.png",
            },
            "displayName": "Statuspage for Jira",
            "self": "https://kei-institute.atlassian.net/rest/api/3/user?accountId=5b6c7b3afbc68529c6c47967",
          },
        },
      ],
      "_type": "jira_user",
      "accountType": "app",
      "active": true,
      "displayName": "Statuspage for Jira",
      "email": "donotemail@example.com",
      "id": "5b6c7b3afbc68529c6c47967",
      "name": "Statuspage for Jira",
      "self": "https://kei-institute.atlassian.net/rest/api/3/user?accountId=5b6c7b3afbc68529c6c47967",
      "timeZone": undefined,
      "username": "Statuspage for Jira",
      "webLink": "https://kei-institute.atlassian.net/jira/people/5b6c7b3afbc68529c6c47967",
    },
    Object {
      "_class": Array [
        "User",
      ],
      "_key": "jira_user_60c24a5918e9f600711af17c",
      "_rawData": Array [
        Object {
          "name": "default",
          "rawData": Object {
            "accountId": "60c24a5918e9f600711af17c",
            "accountType": "atlassian",
            "active": true,
            "avatarUrls": Object {
              "16x16": "https://secure.gravatar.com/avatar/dd961177180a539b1143aa6fa8b05122?d=https%3A%2F%2Favatar-management--avatars.us-west-2.prod.public.atl-paas.net%2Finitials%2FK-3.png",
              "24x24": "https://secure.gravatar.com/avatar/dd961177180a539b1143aa6fa8b05122?d=https%3A%2F%2Favatar-management--avatars.us-west-2.prod.public.atl-paas.net%2Finitials%2FK-3.png",
              "32x32": "https://secure.gravatar.com/avatar/dd961177180a539b1143aa6fa8b05122?d=https%3A%2F%2Favatar-management--avatars.us-west-2.prod.public.atl-paas.net%2Finitials%2FK-3.png",
              "48x48": "https://secure.gravatar.com/avatar/dd961177180a539b1143aa6fa8b05122?d=https%3A%2F%2Favatar-management--avatars.us-west-2.prod.public.atl-paas.net%2Finitials%2FK-3.png",
            },
            "displayName": "example2.name",
            "self": "https://kei-institute.atlassian.net/rest/api/3/user?accountId=60c24a5918e9f600711af17c",
          },
        },
      ],
      "_type": "jira_user",
      "accountType": "atlassian",
      "active": true,
      "displayName": "example2.name",
      "email": "donotemail@example.com",
      "id": "60c24a5918e9f600711af17c",
      "name": "example2.name",
      "self": "https://kei-institute.atlassian.net/rest/api/3/user?accountId=60c24a5918e9f600711af17c",
      "timeZone": undefined,
      "username": "example2.name",
      "webLink": "https://kei-institute.atlassian.net/jira/people/60c24a5918e9f600711af17c",
    },
    Object {
      "_class": Array [
        "User",
      ],
      "_key": "jira_user_5e779055ea2da70c2d23614b",
      "_rawData": Array [
        Object {
          "name": "default",
          "rawData": Object {
            "accountId": "5e779055ea2da70c2d23614b",
            "accountType": "atlassian",
            "active": true,
            "avatarUrls": Object {
              "16x16": "https://avatar-management--avatars.us-west-2.prod.public.atl-paas.net/5e779055ea2da70c2d23614b/e78f3054-e58a-4054-826c-c68470f92e7d/16",
              "24x24": "https://avatar-management--avatars.us-west-2.prod.public.atl-paas.net/5e779055ea2da70c2d23614b/e78f3054-e58a-4054-826c-c68470f92e7d/24",
              "32x32": "https://avatar-management--avatars.us-west-2.prod.public.atl-paas.net/5e779055ea2da70c2d23614b/e78f3054-e58a-4054-826c-c68470f92e7d/32",
              "48x48": "https://avatar-management--avatars.us-west-2.prod.public.atl-paas.net/5e779055ea2da70c2d23614b/e78f3054-e58a-4054-826c-c68470f92e7d/48",
            },
            "displayName": "John Q. Example",
            "emailAddress": "example@example.com",
            "locale": "en_US",
            "self": "https://kei-institute.atlassian.net/rest/api/3/user?accountId=5e779055ea2da70c2d23614b",
          },
        },
      ],
      "_type": "jira_user",
      "accountType": "atlassian",
      "active": true,
      "displayName": "John Q. Example",
      "email": "example@example.com",
      "id": "5e779055ea2da70c2d23614b",
      "name": "John Q. Example",
      "self": "https://kei-institute.atlassian.net/rest/api/3/user?accountId=5e779055ea2da70c2d23614b",
      "timeZone": undefined,
      "username": "example@example.com",
      "webLink": "https://kei-institute.atlassian.net/jira/people/5e779055ea2da70c2d23614b",
    },
    Object {
      "_class": Array [
        "Record",
      ],
      "_key": "jira_issue_10001",
      "_rawData": Array [
        Object {
          "name": "default",
          "rawData": Object {
            "expand": "operations,versionedRepresentations,editmeta,changelog,renderedFields",
            "fields": Object {
              "aggregateprogress": Object {
                "progress": 0,
                "total": 0,
              },
              "aggregatetimeestimate": null,
              "aggregatetimeoriginalestimate": null,
              "aggregatetimespent": null,
              "assignee": null,
              "components": Array [],
              "created": "2021-06-10T18:47:03.813+0000",
              "creator": Object {
                "accountId": "5e779055ea2da70c2d23614b",
                "accountType": "atlassian",
                "active": true,
                "avatarUrls": Object {
                  "16x16": "https://avatar-management--avatars.us-west-2.prod.public.atl-paas.net/5e779055ea2da70c2d23614b/e78f3054-e58a-4054-826c-c68470f92e7d/16",
                  "24x24": "https://avatar-management--avatars.us-west-2.prod.public.atl-paas.net/5e779055ea2da70c2d23614b/e78f3054-e58a-4054-826c-c68470f92e7d/24",
                  "32x32": "https://avatar-management--avatars.us-west-2.prod.public.atl-paas.net/5e779055ea2da70c2d23614b/e78f3054-e58a-4054-826c-c68470f92e7d/32",
                  "48x48": "https://avatar-management--avatars.us-west-2.prod.public.atl-paas.net/5e779055ea2da70c2d23614b/e78f3054-e58a-4054-826c-c68470f92e7d/48",
                },
                "displayName": "John Q. Example",
                "emailAddress": "example@example.com",
                "self": "https://kei-institute.atlassian.net/rest/api/3/user?accountId=5e779055ea2da70c2d23614b",
                "timeZone": "Etc/GMT",
              },
              "customfield_10000": "{}",
              "customfield_10001": null,
              "customfield_10002": null,
              "customfield_10003": null,
              "customfield_10004": null,
              "customfield_10005": null,
              "customfield_10006": null,
              "customfield_10007": null,
              "customfield_10008": null,
              "customfield_10009": null,
              "customfield_10010": null,
              "customfield_10014": null,
              "customfield_10015": null,
              "customfield_10016": null,
              "customfield_10017": null,
              "customfield_10018": Object {
                "hasEpicLinkFieldDependency": false,
                "nonEditableReason": Object {
                  "message": "The Parent Link is only available to Jira Premium users.",
                  "reason": "PLUGIN_LICENSE_ERROR",
                },
                "showField": false,
              },
              "customfield_10019": "0|i00007:",
              "customfield_10020": null,
              "customfield_10021": null,
              "customfield_10022": null,
              "customfield_10023": null,
              "customfield_10024": null,
              "customfield_10025": null,
              "description": null,
              "duedate": null,
              "environment": null,
              "fixVersions": Array [],
              "issuelinks": Array [],
              "issuetype": Object {
                "avatarId": 10318,
                "description": "Tasks track small, distinct pieces of work.",
                "entityId": "6888dea3-288f-4736-953e-130c27b7c5aa",
                "hierarchyLevel": 0,
                "iconUrl": "https://kei-institute.atlassian.net/secure/viewavatar?size=medium&avatarId=10318&avatarType=issuetype",
                "id": "10001",
                "name": "Task",
                "self": "https://kei-institute.atlassian.net/rest/api/3/issuetype/10001",
                "subtask": false,
              },
              "labels": Array [],
              "lastViewed": null,
              "priority": Object {
                "iconUrl": "https://kei-institute.atlassian.net/images/icons/priorities/medium.svg",
                "id": "3",
                "name": "Medium",
                "self": "https://kei-institute.atlassian.net/rest/api/3/priority/3",
              },
              "progress": Object {
                "progress": 0,
                "total": 0,
              },
              "project": Object {
                "avatarUrls": Object {
                  "16x16": "https://kei-institute.atlassian.net/secure/projectavatar?size=xsmall&s=xsmall&pid=10000&avatarId=10406",
                  "24x24": "https://kei-institute.atlassian.net/secure/projectavatar?size=small&s=small&pid=10000&avatarId=10406",
                  "32x32": "https://kei-institute.atlassian.net/secure/projectavatar?size=medium&s=medium&pid=10000&avatarId=10406",
                  "48x48": "https://kei-institute.atlassian.net/secure/projectavatar?pid=10000&avatarId=10406",
                },
                "id": "10000",
                "key": "TPN",
                "name": "Test Project Ninja",
                "projectTypeKey": "software",
                "self": "https://kei-institute.atlassian.net/rest/api/3/project/10000",
                "simplified": true,
              },
              "reporter": Object {
                "accountId": "5e779055ea2da70c2d23614b",
                "accountType": "atlassian",
                "active": true,
                "avatarUrls": Object {
                  "16x16": "https://avatar-management--avatars.us-west-2.prod.public.atl-paas.net/5e779055ea2da70c2d23614b/e78f3054-e58a-4054-826c-c68470f92e7d/16",
                  "24x24": "https://avatar-management--avatars.us-west-2.prod.public.atl-paas.net/5e779055ea2da70c2d23614b/e78f3054-e58a-4054-826c-c68470f92e7d/24",
                  "32x32": "https://avatar-management--avatars.us-west-2.prod.public.atl-paas.net/5e779055ea2da70c2d23614b/e78f3054-e58a-4054-826c-c68470f92e7d/32",
                  "48x48": "https://avatar-management--avatars.us-west-2.prod.public.atl-paas.net/5e779055ea2da70c2d23614b/e78f3054-e58a-4054-826c-c68470f92e7d/48",
                },
                "displayName": "John Q. Example",
                "emailAddress": "example@example.com",
                "self": "https://kei-institute.atlassian.net/rest/api/3/user?accountId=5e779055ea2da70c2d23614b",
                "timeZone": "Etc/GMT",
              },
              "resolution": null,
              "resolutiondate": null,
              "security": null,
              "status": Object {
                "description": "",
                "iconUrl": "https://kei-institute.atlassian.net/",
                "id": "10000",
                "name": "To Do",
                "self": "https://kei-institute.atlassian.net/rest/api/3/status/10000",
                "statusCategory": Object {
                  "colorName": "blue-gray",
                  "id": 2,
                  "key": "new",
                  "name": "To Do",
                  "self": "https://kei-institute.atlassian.net/rest/api/3/statuscategory/2",
                },
              },
              "statuscategorychangedate": "2021-06-10T18:47:04.129+0000",
              "subtasks": Array [],
              "summary": "Also, we need more cowbell",
              "timeestimate": null,
              "timeoriginalestimate": null,
              "timespent": null,
              "updated": "2021-06-10T18:47:03.813+0000",
              "versions": Array [],
              "votes": Object {
                "hasVoted": false,
                "self": "https://kei-institute.atlassian.net/rest/api/3/issue/TPN-2/votes",
                "votes": 0,
              },
              "watches": Object {
                "isWatching": true,
                "self": "https://kei-institute.atlassian.net/rest/api/3/issue/TPN-2/watchers",
                "watchCount": 1,
              },
              "workratio": -1,
            },
            "id": "10001",
            "key": "TPN-2",
            "self": "https://kei-institute.atlassian.net/rest/api/3/issue/10001",
          },
        },
      ],
      "_type": "jira_issue",
      "active": true,
      "assignee": null,
      "category": "issue",
      "components": Array [],
      "createdOn": 1623350823813,
      "creator": "example@example.com",
      "description": "no description available",
      "displayName": "TPN-2",
      "dueOn": undefined,
      "id": "10001",
      "issueType": "Task",
      "key": "TPN-2",
      "labels": Array [],
      "name": "TPN-2",
      "priority": "Medium",
      "reporter": "example@example.com",
      "resolution": undefined,
      "resolvedOn": undefined,
      "status": "To Do",
      "summary": "Also, we need more cowbell",
      "updatedOn": 1623350823813,
      "webLink": "https://kei-institute.atlassian.net/browse/TPN-2",
    },
    Object {
      "_class": Array [
        "Record",
      ],
      "_key": "jira_issue_10000",
      "_rawData": Array [
        Object {
          "name": "default",
          "rawData": Object {
            "expand": "operations,versionedRepresentations,editmeta,changelog,renderedFields",
            "fields": Object {
              "aggregateprogress": Object {
                "progress": 0,
                "total": 0,
              },
              "aggregatetimeestimate": null,
              "aggregatetimeoriginalestimate": null,
              "aggregatetimespent": null,
              "assignee": null,
              "components": Array [],
              "created": "2021-06-10T18:46:55.804+0000",
              "creator": Object {
                "accountId": "5e779055ea2da70c2d23614b",
                "accountType": "atlassian",
                "active": true,
                "avatarUrls": Object {
                  "16x16": "https://avatar-management--avatars.us-west-2.prod.public.atl-paas.net/5e779055ea2da70c2d23614b/e78f3054-e58a-4054-826c-c68470f92e7d/16",
                  "24x24": "https://avatar-management--avatars.us-west-2.prod.public.atl-paas.net/5e779055ea2da70c2d23614b/e78f3054-e58a-4054-826c-c68470f92e7d/24",
                  "32x32": "https://avatar-management--avatars.us-west-2.prod.public.atl-paas.net/5e779055ea2da70c2d23614b/e78f3054-e58a-4054-826c-c68470f92e7d/32",
                  "48x48": "https://avatar-management--avatars.us-west-2.prod.public.atl-paas.net/5e779055ea2da70c2d23614b/e78f3054-e58a-4054-826c-c68470f92e7d/48",
                },
                "displayName": "John Q. Example",
                "emailAddress": "example@example.com",
                "self": "https://kei-institute.atlassian.net/rest/api/3/user?accountId=5e779055ea2da70c2d23614b",
                "timeZone": "Etc/GMT",
              },
              "customfield_10000": "{}",
              "customfield_10001": null,
              "customfield_10002": null,
              "customfield_10003": null,
              "customfield_10004": null,
              "customfield_10005": null,
              "customfield_10006": null,
              "customfield_10007": null,
              "customfield_10008": null,
              "customfield_10009": null,
              "customfield_10010": null,
              "customfield_10014": null,
              "customfield_10015": null,
              "customfield_10016": null,
              "customfield_10017": null,
              "customfield_10018": Object {
                "hasEpicLinkFieldDependency": false,
                "nonEditableReason": Object {
                  "message": "The Parent Link is only available to Jira Premium users.",
                  "reason": "PLUGIN_LICENSE_ERROR",
                },
                "showField": false,
              },
              "customfield_10019": "0|hzzzzz:",
              "customfield_10020": null,
              "customfield_10021": null,
              "customfield_10022": null,
              "customfield_10023": null,
              "customfield_10024": null,
              "customfield_10025": null,
              "description": null,
              "duedate": null,
              "environment": null,
              "fixVersions": Array [],
              "issuelinks": Array [],
              "issuetype": Object {
                "avatarId": 10318,
                "description": "Tasks track small, distinct pieces of work.",
                "entityId": "6888dea3-288f-4736-953e-130c27b7c5aa",
                "hierarchyLevel": 0,
                "iconUrl": "https://kei-institute.atlassian.net/secure/viewavatar?size=medium&avatarId=10318&avatarType=issuetype",
                "id": "10001",
                "name": "Task",
                "self": "https://kei-institute.atlassian.net/rest/api/3/issuetype/10001",
                "subtask": false,
              },
              "labels": Array [],
              "lastViewed": null,
              "priority": Object {
                "iconUrl": "https://kei-institute.atlassian.net/images/icons/priorities/medium.svg",
                "id": "3",
                "name": "Medium",
                "self": "https://kei-institute.atlassian.net/rest/api/3/priority/3",
              },
              "progress": Object {
                "progress": 0,
                "total": 0,
              },
              "project": Object {
                "avatarUrls": Object {
                  "16x16": "https://kei-institute.atlassian.net/secure/projectavatar?size=xsmall&s=xsmall&pid=10000&avatarId=10406",
                  "24x24": "https://kei-institute.atlassian.net/secure/projectavatar?size=small&s=small&pid=10000&avatarId=10406",
                  "32x32": "https://kei-institute.atlassian.net/secure/projectavatar?size=medium&s=medium&pid=10000&avatarId=10406",
                  "48x48": "https://kei-institute.atlassian.net/secure/projectavatar?pid=10000&avatarId=10406",
                },
                "id": "10000",
                "key": "TPN",
                "name": "Test Project Ninja",
                "projectTypeKey": "software",
                "self": "https://kei-institute.atlassian.net/rest/api/3/project/10000",
                "simplified": true,
              },
              "reporter": Object {
                "accountId": "5e779055ea2da70c2d23614b",
                "accountType": "atlassian",
                "active": true,
                "avatarUrls": Object {
                  "16x16": "https://avatar-management--avatars.us-west-2.prod.public.atl-paas.net/5e779055ea2da70c2d23614b/e78f3054-e58a-4054-826c-c68470f92e7d/16",
                  "24x24": "https://avatar-management--avatars.us-west-2.prod.public.atl-paas.net/5e779055ea2da70c2d23614b/e78f3054-e58a-4054-826c-c68470f92e7d/24",
                  "32x32": "https://avatar-management--avatars.us-west-2.prod.public.atl-paas.net/5e779055ea2da70c2d23614b/e78f3054-e58a-4054-826c-c68470f92e7d/32",
                  "48x48": "https://avatar-management--avatars.us-west-2.prod.public.atl-paas.net/5e779055ea2da70c2d23614b/e78f3054-e58a-4054-826c-c68470f92e7d/48",
                },
                "displayName": "John Q. Example",
                "emailAddress": "example@example.com",
                "self": "https://kei-institute.atlassian.net/rest/api/3/user?accountId=5e779055ea2da70c2d23614b",
                "timeZone": "Etc/GMT",
              },
              "resolution": null,
              "resolutiondate": null,
              "security": null,
              "status": Object {
                "description": "",
                "iconUrl": "https://kei-institute.atlassian.net/",
                "id": "10000",
                "name": "To Do",
                "self": "https://kei-institute.atlassian.net/rest/api/3/status/10000",
                "statusCategory": Object {
                  "colorName": "blue-gray",
                  "id": 2,
                  "key": "new",
                  "name": "To Do",
                  "self": "https://kei-institute.atlassian.net/rest/api/3/statuscategory/2",
                },
              },
              "statuscategorychangedate": "2021-06-10T18:46:56.238+0000",
              "subtasks": Array [],
              "summary": "We need more ninja",
              "timeestimate": null,
              "timeoriginalestimate": null,
              "timespent": null,
              "updated": "2021-06-10T18:46:55.804+0000",
              "versions": Array [],
              "votes": Object {
                "hasVoted": false,
                "self": "https://kei-institute.atlassian.net/rest/api/3/issue/TPN-1/votes",
                "votes": 0,
              },
              "watches": Object {
                "isWatching": true,
                "self": "https://kei-institute.atlassian.net/rest/api/3/issue/TPN-1/watchers",
                "watchCount": 1,
              },
              "workratio": -1,
            },
            "id": "10000",
            "key": "TPN-1",
            "self": "https://kei-institute.atlassian.net/rest/api/3/issue/10000",
          },
        },
      ],
      "_type": "jira_issue",
      "active": true,
      "assignee": null,
      "category": "issue",
      "components": Array [],
      "createdOn": 1623350815804,
      "creator": "example@example.com",
      "description": "no description available",
      "displayName": "TPN-1",
      "dueOn": undefined,
      "id": "10000",
      "issueType": "Task",
      "key": "TPN-1",
      "labels": Array [],
      "name": "TPN-1",
      "priority": "Medium",
      "reporter": "example@example.com",
      "resolution": undefined,
      "resolvedOn": undefined,
      "status": "To Do",
      "summary": "We need more ninja",
      "updatedOn": 1623350815804,
      "webLink": "https://kei-institute.atlassian.net/browse/TPN-1",
    },
  ],
  "collectedRelationships": Array [
    Object {
      "_class": "HAS",
      "_fromEntityKey": "jira_account_https://kei-institute.atlassian.net",
      "_key": "jira_account_https://kei-institute.atlassian.net|has|jira_project_10000",
      "_toEntityKey": "jira_project_10000",
      "_type": "jira_account_has_project",
      "displayName": "HAS",
    },
    Object {
      "_class": "HAS",
      "_fromEntityKey": "jira_account_https://kei-institute.atlassian.net",
      "_key": "jira_account_https://kei-institute.atlassian.net|has|jira_user_5d53f3cbc6b9320d9ea5bdc2",
      "_toEntityKey": "jira_user_5d53f3cbc6b9320d9ea5bdc2",
      "_type": "jira_account_has_user",
      "displayName": "HAS",
    },
    Object {
      "_class": "HAS",
      "_fromEntityKey": "jira_account_https://kei-institute.atlassian.net",
      "_key": "jira_account_https://kei-institute.atlassian.net|has|jira_user_5cf112d31552030f1e3a5905",
      "_toEntityKey": "jira_user_5cf112d31552030f1e3a5905",
      "_type": "jira_account_has_user",
      "displayName": "HAS",
    },
    Object {
      "_class": "HAS",
      "_fromEntityKey": "jira_account_https://kei-institute.atlassian.net",
      "_key": "jira_account_https://kei-institute.atlassian.net|has|jira_user_557058:950f9f5b-3d6d-4e1d-954a-21367ae9ac75",
      "_toEntityKey": "jira_user_557058:950f9f5b-3d6d-4e1d-954a-21367ae9ac75",
      "_type": "jira_account_has_user",
      "displayName": "HAS",
    },
    Object {
      "_class": "HAS",
      "_fromEntityKey": "jira_account_https://kei-institute.atlassian.net",
      "_key": "jira_account_https://kei-institute.atlassian.net|has|jira_user_557058:f58131cb-b67d-43c7-b30d-6b58d40bd077",
      "_toEntityKey": "jira_user_557058:f58131cb-b67d-43c7-b30d-6b58d40bd077",
      "_type": "jira_account_has_user",
      "displayName": "HAS",
    },
    Object {
      "_class": "HAS",
      "_fromEntityKey": "jira_account_https://kei-institute.atlassian.net",
      "_key": "jira_account_https://kei-institute.atlassian.net|has|jira_user_5cb4ae0e4b97ab11a18e00c7",
      "_toEntityKey": "jira_user_5cb4ae0e4b97ab11a18e00c7",
      "_type": "jira_account_has_user",
      "displayName": "HAS",
    },
    Object {
      "_class": "HAS",
      "_fromEntityKey": "jira_account_https://kei-institute.atlassian.net",
      "_key": "jira_account_https://kei-institute.atlassian.net|has|jira_user_557058:0867a421-a9ee-4659-801a-bc0ee4a4487e",
      "_toEntityKey": "jira_user_557058:0867a421-a9ee-4659-801a-bc0ee4a4487e",
      "_type": "jira_account_has_user",
      "displayName": "HAS",
    },
    Object {
      "_class": "HAS",
      "_fromEntityKey": "jira_account_https://kei-institute.atlassian.net",
      "_key": "jira_account_https://kei-institute.atlassian.net|has|jira_user_557058:214cdd6a-ff93-4d8b-838b-62dfcf1a2a71",
      "_toEntityKey": "jira_user_557058:214cdd6a-ff93-4d8b-838b-62dfcf1a2a71",
      "_type": "jira_account_has_user",
      "displayName": "HAS",
    },
    Object {
      "_class": "HAS",
      "_fromEntityKey": "jira_account_https://kei-institute.atlassian.net",
      "_key": "jira_account_https://kei-institute.atlassian.net|has|jira_user_5dd64082af96bc0efbe55103",
      "_toEntityKey": "jira_user_5dd64082af96bc0efbe55103",
      "_type": "jira_account_has_user",
      "displayName": "HAS",
    },
    Object {
      "_class": "HAS",
      "_fromEntityKey": "jira_account_https://kei-institute.atlassian.net",
      "_key": "jira_account_https://kei-institute.atlassian.net|has|jira_user_5b6c7b3afbc68529c6c47967",
      "_toEntityKey": "jira_user_5b6c7b3afbc68529c6c47967",
      "_type": "jira_account_has_user",
      "displayName": "HAS",
    },
    Object {
      "_class": "HAS",
      "_fromEntityKey": "jira_account_https://kei-institute.atlassian.net",
      "_key": "jira_account_https://kei-institute.atlassian.net|has|jira_user_60c24a5918e9f600711af17c",
      "_toEntityKey": "jira_user_60c24a5918e9f600711af17c",
      "_type": "jira_account_has_user",
      "displayName": "HAS",
    },
    Object {
      "_class": "HAS",
      "_fromEntityKey": "jira_account_https://kei-institute.atlassian.net",
      "_key": "jira_account_https://kei-institute.atlassian.net|has|jira_user_5e779055ea2da70c2d23614b",
      "_toEntityKey": "jira_user_5e779055ea2da70c2d23614b",
      "_type": "jira_account_has_user",
      "displayName": "HAS",
    },
    Object {
      "_class": "HAS",
      "_fromEntityKey": "jira_project_10000",
      "_key": "jira_project_10000|has|jira_issue_10001",
      "_toEntityKey": "jira_issue_10001",
      "_type": "jira_project_has_issue",
      "displayName": "HAS",
    },
    Object {
      "_class": "CREATED",
      "_fromEntityKey": "jira_user_5e779055ea2da70c2d23614b",
      "_key": "jira_user_5e779055ea2da70c2d23614b|created|jira_issue_10001",
      "_toEntityKey": "jira_issue_10001",
      "_type": "jira_user_created_issue",
      "displayName": "CREATED",
    },
    Object {
      "_class": "REPORTED",
      "_fromEntityKey": "jira_user_5e779055ea2da70c2d23614b",
      "_key": "jira_user_5e779055ea2da70c2d23614b|reported|jira_issue_10001",
      "_toEntityKey": "jira_issue_10001",
      "_type": "jira_user_reported_issue",
      "displayName": "REPORTED",
    },
    Object {
      "_class": "HAS",
      "_fromEntityKey": "jira_project_10000",
      "_key": "jira_project_10000|has|jira_issue_10000",
      "_toEntityKey": "jira_issue_10000",
      "_type": "jira_project_has_issue",
      "displayName": "HAS",
    },
    Object {
      "_class": "CREATED",
      "_fromEntityKey": "jira_user_5e779055ea2da70c2d23614b",
      "_key": "jira_user_5e779055ea2da70c2d23614b|created|jira_issue_10000",
      "_toEntityKey": "jira_issue_10000",
      "_type": "jira_user_created_issue",
      "displayName": "CREATED",
    },
    Object {
      "_class": "REPORTED",
      "_fromEntityKey": "jira_user_5e779055ea2da70c2d23614b",
      "_key": "jira_user_5e779055ea2da70c2d23614b|reported|jira_issue_10000",
      "_toEntityKey": "jira_issue_10000",
      "_type": "jira_user_reported_issue",
      "displayName": "REPORTED",
    },
  ],
  "encounteredTypes": Array [
    "jira_account",
    "jira_project",
    "jira_account_has_project",
    "jira_user",
    "jira_account_has_user",
    "jira_issue",
    "jira_project_has_issue",
    "jira_user_created_issue",
    "jira_user_reported_issue",
  ],
  "numCollectedEntities": 15,
  "numCollectedRelationships": 18,
}
`;
